[13:57:50] [ServerMain/INFO]: [bootstrap] Running Java 25 (OpenJDK 64-Bit Server VM 25.0.1+8-LTS; Eclipse Adoptium Temurin-25.0.1+8) on Linux 6.14.0-1018-aws (amd64)
[13:57:50] [ServerMain/INFO]: [bootstrap] Loading Paper 1.21.11-131-ver/1.21.11@6d5b910 (2026-05-03T16:08:07Z) for Minecraft 1.21.11
[13:57:50] [ServerMain/INFO]: [PluginInitializerManager] Initializing plugins...
[13:57:51] [ServerMain/INFO]: [PluginInitializerManager] Initialized 0 plugins
[13:58:00] [ServerMain/INFO]: Environment: Environment[sessionHost=https://sessionserver.mojang.com, servicesHost=https://api.minecraftservices.com, profilesHost=https://api.mojang.com, name=PROD]
[13:58:05] [ServerMain/INFO]: Loaded 1470 recipes
[13:58:05] [ServerMain/INFO]: Loaded 1584 advancements
[13:58:05] [ServerMain/INFO]: [ca.spottedleaf.dataconverter.minecraft.datatypes.MCTypeRegistry] Initialising converters for DataConverter...
[13:58:06] [ServerMain/INFO]: [ca.spottedleaf.dataconverter.minecraft.datatypes.MCTypeRegistry] Finished initialising converters for DataConverter in 770.1ms
[13:58:06] [Server thread/INFO]: Starting minecraft server version 1.21.11
[13:58:06] [Server thread/INFO]: Loading properties
[13:58:06] [Server thread/INFO]: This server is running Paper version 1.21.11-131-ver/1.21.11@6d5b910 (2026-05-03T16:08:07Z) (Implementing API version 1.21.11-R0.1-SNAPSHOT)
[13:58:06] [Server thread/INFO]: [spark] This server bundles the spark profiler. For more information please visit https://docs.papermc.io/paper/profiling
[13:58:06] [Server thread/INFO]: Using 4 threads for Netty based IO
[13:58:06] [Server thread/INFO]: Server Ping Player Sample Count: 12
[13:58:09] [Server thread/INFO]: [MoonriseCommon] Paper is using 1 worker threads, 1 I/O threads
[13:58:09] [Server thread/INFO]: Default game type: SURVIVAL
[13:58:09] [Server thread/INFO]: Generating keypair
[13:58:09] [Server thread/INFO]: Starting Minecraft server on *:25565
[13:58:09] [Server thread/INFO]: Paper: Using libdeflate (Linux x86_64) compression from Velocity.
[13:58:09] [Server thread/INFO]: Paper: Using OpenSSL 3.x.x (Linux x86_64) cipher from Velocity.
[13:58:09] [Server thread/INFO]: Server permissions file permissions.yml is empty, ignoring it
[13:58:09] [Server thread/WARN]: **** SERVER IS RUNNING IN OFFLINE/INSECURE MODE!
[13:58:09] [Server thread/WARN]: The server will make no attempt to authenticate usernames. Beware.
[13:58:09] [Server thread/WARN]: While this makes the game possible to play without internet access, it also opens up the ability for hackers to connect with any username they choose.
[13:58:09] [Server thread/WARN]: To change this, set "online-mode" to "true" in the server.properties file.
[13:58:09] [Server thread/INFO]: Preparing level "world"
[13:58:11] [Server thread/INFO]: Loading 0 persistent chunks for world 'minecraft:overworld'...
[13:58:11] [Server thread/INFO]: Preparing spawn area: 100%
[13:58:11] [Server thread/INFO]: Prepared spawn area in 6 ms
[13:58:11] [Server thread/INFO]: Loading 0 persistent chunks for world 'minecraft:the_nether'...
[13:58:11] [Server thread/INFO]: Prepared spawn area in 1 ms
[13:58:11] [Server thread/INFO]: Loading 0 persistent chunks for world 'minecraft:the_end'...
[13:58:11] [Server thread/INFO]: Preparing spawn area: 100%
[13:58:11] [Server thread/INFO]: Prepared spawn area in 4 ms
[13:58:11] [Server thread/INFO]: Done preparing level "world" (1.246s)
[13:58:11] [Server thread/INFO]: [spark] Starting background profiler...
[13:58:12] [Server thread/INFO]: Starting remote control listener
[13:58:12] [Server thread/INFO]: Thread RCON Listener started
[13:58:12] [Server thread/INFO]: RCON running on 0.0.0.0:25575
[13:58:12] [Server thread/INFO]: Running delayed init tasks
[13:58:12] [Server thread/INFO]: Done (23.293s)! For help, type "help"
[13:58:12] [Paper Async Task Handler Thread - 1/WARN]: *************************************************************************************
[13:58:12] [Paper Async Task Handler Thread - 1/WARN]: You are running the latest build for your Minecraft version (1.21.11)
[13:58:12] [Paper Async Task Handler Thread - 1/WARN]: However, you are 2 release(s) behind the latest stable release (26.1.2)!
[13:58:12] [Paper Async Task Handler Thread - 1/WARN]: It is recommended that you update as soon as possible
[13:58:12] [Paper Async Task Handler Thread - 1/WARN]: https://papermc.io/downloads/paper
[13:58:12] [Paper Async Task Handler Thread - 1/WARN]: *************************************************************************************
